******************************************************************************
                  TI ARM Linker PC v20.2.7                     
******************************************************************************
>> Linked Thu Apr 18 18:06:33 2024

OUTPUT FILE NAME:   <Port_AutosarDriver.out>
ENTRY POINT SYMBOL: "_c_int00_noargs"  address: 00000f75


MEMORY CONFIGURATION

         name            origin    length      used     unused   attr    fill
----------------------  --------  ---------  --------  --------  ----  --------
  FLASH                 00000000   00040000  00001156  0003eeaa  R  X
  SRAM                  20000000   00008000  00000209  00007df7  RW X


SEGMENT ALLOCATION MAP

run origin  load origin   length   init length attrs members
----------  ----------- ---------- ----------- ----- -------
00000000    00000000    00001158   00001158    r-x
  00000000    00000000    0000026c   0000026c    r-- .intvecs
  0000026c    0000026c    00000da2   00000da2    r-x .text
  0000100e    0000100e    00000118   00000118    r-- .const
  00001128    00001128    00000030   00000030    r-- .cinit
20000000    20000000    00000209   00000000    rw-
  20000000    20000000    00000200   00000000    rw- .stack
  20000200    20000200    00000008   00000000    rw- .bss
  20000208    20000208    00000001   00000000    rw- .data


SECTION ALLOCATION MAP

 output                                  attributes/
section   page    origin      length       input sections
--------  ----  ----------  ----------   ----------------
.intvecs   0    00000000    0000026c     
                  00000000    0000026c     tm4c123gh6pm_startup_ccs.obj (.intvecs)

.text      0    0000026c    00000da2     
                  0000026c    00000bc0     Port.obj (.text)
                  00000e2c    0000009c     rtsv7M4_T_le_v4SPD16_eabi.lib : memcpy_t2.asm.obj (.text)
                  00000ec8    00000068                                   : copy_decompress_lzss.c.obj (.text:decompress:lzss:__TI_decompress_lzss)
                  00000f30    00000044                                   : autoinit.c.obj (.text:__TI_auto_init_nobinit_nopinit:__TI_auto_init_nobinit_nopinit)
                  00000f74    00000034                                   : boot_cortex_m.c.obj (.text:_c_int00_noargs:_c_int00_noargs)
                  00000fa8    0000001c                                   : copy_zero_init.c.obj (.text:decompress:ZI:__TI_zero_init_nomemset:__TI_zero_init_nomemset)
                  00000fc4    00000016     Det.obj (.text)
                  00000fda    00000002     --HOLE-- [fill = 0]
                  00000fdc    00000010     main.obj (.text)
                  00000fec    0000000e     rtsv7M4_T_le_v4SPD16_eabi.lib : copy_decompress_none.c.obj (.text:decompress:none:__TI_decompress_none)
                  00000ffa    0000000c     tm4c123gh6pm_startup_ccs.obj (.text)
                  00001006    00000004     rtsv7M4_T_le_v4SPD16_eabi.lib : pre_init.c.obj (.text:_system_pre_init)
                  0000100a    00000004                                   : exit.c.obj (.text:abort:abort)

.const     0    0000100e    00000118     
                  0000100e    00000118     Port_Lcfg.obj (.const:Port_PinConfig)

.cinit     0    00001128    00000030     
                  00001128    0000000c     (__TI_handler_table)
                  00001134    00000004     --HOLE-- [fill = 0]
                  00001138    00000008     (.cinit..bss.load) [load image, compression = zero_init]
                  00001140    00000005     (.cinit..data.load) [load image, compression = lzss]
                  00001145    00000003     --HOLE-- [fill = 0]
                  00001148    00000010     (__TI_cinit_table)

.init_array 
*          0    00000000    00000000     UNINITIALIZED

.bss       0    20000200    00000008     UNINITIALIZED
                  20000200    00000004     Port.obj (.bss)
                  20000204    00000004     (.common:i)

.data      0    20000208    00000001     UNINITIALIZED
                  20000208    00000001     Port.obj (.data)

.stack     0    20000000    00000200     UNINITIALIZED
                  20000000    00000004     rtsv7M4_T_le_v4SPD16_eabi.lib : boot_cortex_m.c.obj (.stack)
                  20000004    000001fc     --HOLE--

__llvm_prf_cnts 
*          0    20000000    00000000     UNINITIALIZED

MODULE SUMMARY

       Module                         code   ro data   rw data
       ------                         ----   -------   -------
    .\
       Port.obj                       3008   0         9      
       tm4c123gh6pm_startup_ccs.obj   12     620       0      
       Port_Lcfg.obj                  0      280       0      
       Det.obj                        22     0         0      
       main.obj                       16     0         0      
    +--+------------------------------+------+---------+---------+
       Total:                         3058   900       9      
                                                              
    C:\ti\ccs1260\ccs\tools\compiler\ti-cgt-arm_20.2.7.LTS\lib\rtsv7M4_T_le_v4SPD16_eabi.lib
       memcpy_t2.asm.obj              156    0         0      
       copy_decompress_lzss.c.obj     104    0         0      
       autoinit.c.obj                 68     0         0      
       boot_cortex_m.c.obj            52     0         0      
       copy_zero_init.c.obj           28     0         0      
       copy_decompress_none.c.obj     14     0         0      
       exit.c.obj                     4      0         0      
       pre_init.c.obj                 4      0         0      
    +--+------------------------------+------+---------+---------+
       Total:                         430    0         0      
                                                              
       Stack:                         0      0         512    
       Linker Generated:              0      41        0      
    +--+------------------------------+------+---------+---------+
       Grand Total:                   3488   941       521    


LINKER GENERATED COPY TABLES

__TI_cinit_table @ 00001148 records: 2, size/record: 8, table size: 16
	.bss: load addr=00001138, load size=00000008 bytes, run addr=20000200, run size=00000008 bytes, compression=zero_init
	.data: load addr=00001140, load size=00000005 bytes, run addr=20000208, run size=00000001 bytes, compression=lzss


LINKER GENERATED HANDLER TABLE

__TI_handler_table @ 00001128 records: 3, size/record: 4, table size: 12
	index: 0, handler: __TI_decompress_lzss
	index: 1, handler: __TI_decompress_none
	index: 2, handler: __TI_zero_init


GLOBAL SYMBOLS: SORTED ALPHABETICALLY BY Name 

address   name                          
-------   ----                          
0000100b  C$$EXIT                       
00000fc5  Det_ReportError               
00000dcb  Port_GetVersionInfo           
0000026d  Port_Init                     
0000100e  Port_PinConfig                
00000bc1  Port_RefreshPortDirection     
000003eb  Port_SetPinDirection          
000005c9  Port_SetPinMode               
00000ffb  ResetISR                      
20000200  __STACK_END                   
00000200  __STACK_SIZE                  
20000200  __STACK_TOP                   
00001148  __TI_CINIT_Base               
00001158  __TI_CINIT_Limit              
00001128  __TI_Handler_Table_Base       
00001134  __TI_Handler_Table_Limit      
00000f31  __TI_auto_init_nobinit_nopinit
00000ec9  __TI_decompress_lzss          
00000fed  __TI_decompress_none          
ffffffff  __TI_pprof_out_hndl           
ffffffff  __TI_prof_data_size           
ffffffff  __TI_prof_data_start          
00000000  __TI_static_base__            
00000fa9  __TI_zero_init_nomemset       
00000e2d  __aeabi_memcpy                
00000e2d  __aeabi_memcpy4               
00000e2d  __aeabi_memcpy8               
ffffffff  __binit__                     
ffffffff  __c_args__                    
UNDEFED   __mpu_init                    
20000000  __stack                       
20000000  __start___llvm_prf_cnts       
20000000  __stop___llvm_prf_cnts        
00000f75  _c_int00_noargs               
UNDEFED   _system_post_cinit            
00001007  _system_pre_init              
0000100b  abort                         
ffffffff  binit                         
00000000  g_pfnVectors                  
20000204  i                             
00000fdd  main                          
00000e2d  memcpy                        


GLOBAL SYMBOLS: SORTED BY Symbol Address 

address   name                          
-------   ----                          
00000000  __TI_static_base__            
00000000  g_pfnVectors                  
00000200  __STACK_SIZE                  
0000026d  Port_Init                     
000003eb  Port_SetPinDirection          
000005c9  Port_SetPinMode               
00000bc1  Port_RefreshPortDirection     
00000dcb  Port_GetVersionInfo           
00000e2d  __aeabi_memcpy                
00000e2d  __aeabi_memcpy4               
00000e2d  __aeabi_memcpy8               
00000e2d  memcpy                        
00000ec9  __TI_decompress_lzss          
00000f31  __TI_auto_init_nobinit_nopinit
00000f75  _c_int00_noargs               
00000fa9  __TI_zero_init_nomemset       
00000fc5  Det_ReportError               
00000fdd  main                          
00000fed  __TI_decompress_none          
00000ffb  ResetISR                      
00001007  _system_pre_init              
0000100b  C$$EXIT                       
0000100b  abort                         
0000100e  Port_PinConfig                
00001128  __TI_Handler_Table_Base       
00001134  __TI_Handler_Table_Limit      
00001148  __TI_CINIT_Base               
00001158  __TI_CINIT_Limit              
20000000  __stack                       
20000000  __start___llvm_prf_cnts       
20000000  __stop___llvm_prf_cnts        
20000200  __STACK_END                   
20000200  __STACK_TOP                   
20000204  i                             
ffffffff  __TI_pprof_out_hndl           
ffffffff  __TI_prof_data_size           
ffffffff  __TI_prof_data_start          
ffffffff  __binit__                     
ffffffff  __c_args__                    
ffffffff  binit                         
UNDEFED   __mpu_init                    
UNDEFED   _system_post_cinit            

[42 symbols]
